Watching for file changes with StatReloader
System check identified some issues:

WARNINGS:
todos.Todo: (models.W042) Auto-created primary key used when not defining a primary key type, by default 'django.db.models.AutoField'.
	HINT: Configure the DEFAULT_AUTO_FIELD setting or the TodosConfig.default_auto_field attribute to point to a subclass of AutoField, e.g. 'django.db.models.BigAutoField'.

System check identified 1 issue (0 silenced).
[15/May/2025 16:15:30] "GET /todos/ HTTP/1.1" 200 3515
/root/djangoproj/django-todo/todoApp/settings.py changed, reloading.
Performing system checks...

May 15, 2025 - 16:15:24
Django version 4.2.21, using settings 'todoApp.settings'
Starting development server at http://0.0.0.0:8000/
Quit the server with CONTROL-C.

Watching for file changes with StatReloader
System check identified some issues:

WARNINGS:
todos.Todo: (models.W042) Auto-created primary key used when not defining a primary key type, by default 'django.db.models.AutoField'.
	HINT: Configure the DEFAULT_AUTO_FIELD setting or the TodosConfig.default_auto_field attribute to point to a subclass of AutoField, e.g. 'django.db.models.BigAutoField'.

System check identified 1 issue (0 silenced).
[15/May/2025 16:29:08] "GET /todos/ HTTP/1.1" 200 3515
[15/May/2025 16:29:08] "GET /static/css/style.css HTTP/1.1" 304 0
[15/May/2025 16:42:33] "GET / HTTP/1.1" 302 0
[15/May/2025 16:42:33] "GET /todos/ HTTP/1.1" 200 3515
[15/May/2025 16:42:33] "GET /static/css/style.css HTTP/1.1" 304 0
[15/May/2025 16:43:09] "GET /todos/ HTTP/1.1" 200 3515
Emulate Docker CLI using podman. Create /etc/containers/nodocker to quiet msg.
Watching for file changes with StatReloader
System check identified some issues:

WARNINGS:
todos.Todo: (models.W042) Auto-created primary key used when not defining a primary key type, by default 'django.db.models.AutoField'.
	HINT: Configure the DEFAULT_AUTO_FIELD setting or the TodosConfig.default_auto_field attribute to point to a subclass of AutoField, e.g. 'django.db.models.BigAutoField'.

System check identified 1 issue (0 silenced).
[15/May/2025 16:47:08] "GET /todos/ HTTP/1.1" 200 3515
